> Task :app:preBuild UP-TO-DATE
> Task :app:preDebugBuild UP-TO-DATE
> Task :app:mergeDebugNativeDebugMetadata NO-SOURCE
> Task :app:javaPreCompileDebug UP-TO-DATE
> Task :app:checkDebugAarMetadata UP-TO-DATE
> Task :app:generateDebugResValues UP-TO-DATE
> Task :app:mapDebugSourceSetPaths UP-TO-DATE
> Task :app:generateDebugResources UP-TO-DATE
> Task :app:mergeDebugResources UP-TO-DATE
> Task :app:packageDebugResources UP-TO-DATE
> Task :app:parseDebugLocalResources UP-TO-DATE
> Task :app:createDebugCompatibleScreenManifests UP-TO-DATE
> Task :app:extractDeepLinksDebug UP-TO-DATE
> Task :app:processDebugMainManifest UP-TO-DATE
> Task :app:processDebugManifest UP-TO-DATE
> Task :app:processDebugManifestForPackage UP-TO-DATE
> Task :app:processDebugResources UP-TO-DATE

> Task :app:compileDebugJavaWithJavac FAILED
C:\Users\Hp\OneDrive\Documents\Desktop\ScamShield\app\src\main\java\com\shreyanshi\scamshield\activities\MainActivity.java:65: error: cannot find symbol
        checkBatteryOptimization();
        ^
  symbol:   method checkBatteryOptimization()
  location: class MainActivity
C:\Users\Hp\OneDrive\Documents\Desktop\ScamShield\app\src\main\java\com\shreyanshi\scamshield\activities\MainActivity.java:218: error: incompatible types: MainActivity.SpeechListenerImpl cannot be converted to Context
        new AlertDialog.Builder(this)
                                ^
Note: Some input files use or override a deprecated API.
Note: Recompile with -Xlint:deprecation for details.
Note: Some messages have been simplified; recompile with -Xdiags:verbose to get full output
2 errors

[Incubating] Problems report is available at: file:///C:/Users/Hp/OneDrive/Documents/Desktop/ScamShield/build/reports/problems/problems-report.html

FAILURE: Build failed with an exception.

* What went wrong:
Execution failed for task ':app:compileDebugJavaWithJavac'.
> Compilation failed; see the compiler output below.
  C:\Users\Hp\OneDrive\Documents\Desktop\ScamShield\app\src\main\java\com\shreyanshi\scamshield\activities\MainActivity.java:65: error: cannot find symbol
          checkBatteryOptimization();
          ^
    symbol:   method checkBatteryOptimization()
    location: class MainActivity
  C:\Users\Hp\OneDrive\Documents\Desktop\ScamShield\app\src\main\java\com\shreyanshi\scamshield\activities\MainActivity.java:218: error: incompatible types: MainActivity.SpeechListenerImpl cannot be converted to Context
          new AlertDialog.Builder(this)
                                  ^
  Note: Some input files use or override a deprecated API.
  Note: Recompile with -Xlint:deprecation for details.
  Note: Some messages have been simplified; recompile with -Xdiags:verbose to get full output
  2 errors

* Try:
> Check your code and dependencies to fix the compilation error(s)

> Run with --scan to get full insights.

Deprecated Gradle features were used in this build, making it incompatible with Gradle 9.0.

You can use '--warning-mode all' to show the individual deprecation warnings and determine if they come from your own scripts or plugins.

For more on this, please refer to https://docs.gradle.org/8.13/userguide/command_line_interface.html#sec:command_line_warnings in the Gradle documentation.
15 actionable tasks: 1 executed, 14 up-to-date
BUILD FAILED in 3s
