> Task :app:preBuild UP-TO-DATE
> Task :app:preDebugBuild UP-TO-DATE
> Task :app:mergeDebugNativeDebugMetadata NO-SOURCE
> Task :app:javaPreCompileDebug UP-TO-DATE
> Task :app:checkDebugAarMetadata UP-TO-DATE
> Task :app:generateDebugResValues UP-TO-DATE
> Task :app:mapDebugSourceSetPaths UP-TO-DATE
> Task :app:generateDebugResources UP-TO-DATE
> Task :app:mergeDebugResources UP-TO-DATE
> Task :app:packageDebugResources UP-TO-DATE
> Task :app:parseDebugLocalResources UP-TO-DATE
> Task :app:createDebugCompatibleScreenManifests UP-TO-DATE
> Task :app:extractDeepLinksDebug UP-TO-DATE
> Task :app:processDebugMainManifest UP-TO-DATE
> Task :app:processDebugManifest UP-TO-DATE
> Task :app:processDebugManifestForPackage UP-TO-DATE
> Task :app:processDebugResources UP-TO-DATE

> Task :app:compileDebugJavaWithJavac FAILED
C:\Users\Hp\OneDrive\Documents\Desktop\ScamShield\app\src\main\java\com\shreyanshi\scamshield\activities\MainActivity.java:165: error: cannot find symbol
            Log.w(TAG, "? FALLBACK ALERT TRIGGERED: " + keyword);
                  ^
  symbol:   variable TAG
  location: class MainActivity
C:\Users\Hp\OneDrive\Documents\Desktop\ScamShield\app\src\main\java\com\shreyanshi\scamshield\activities\MainActivity.java:171: error: cannot find symbol
                Log.i(TAG, "Alert background reset to normal");
                      ^
  symbol:   variable TAG
  location: class MainActivity
C:\Users\Hp\OneDrive\Documents\Desktop\ScamShield\app\src\main\java\com\shreyanshi\scamshield\activities\MainActivity.java:174: error: cannot find symbol
            Log.e(TAG, "Error triggering fallback alert: " + e.getMessage());
                  ^
  symbol:   variable TAG
  location: class MainActivity
Note: Some input files use or override a deprecated API.
Note: Recompile with -Xlint:deprecation for details.
3 errors

[Incubating] Problems report is available at: file:///C:/Users/Hp/OneDrive/Documents/Desktop/ScamShield/build/reports/problems/problems-report.html

FAILURE: Build failed with an exception.

* What went wrong:
Execution failed for task ':app:compileDebugJavaWithJavac'.
> Compilation failed; see the compiler output below.
  C:\Users\Hp\OneDrive\Documents\Desktop\ScamShield\app\src\main\java\com\shreyanshi\scamshield\activities\MainActivity.java:165: error: cannot find symbol
              Log.w(TAG, "? FALLBACK ALERT TRIGGERED: " + keyword);
                    ^
    symbol:   variable TAG
    location: class MainActivity
  C:\Users\Hp\OneDrive\Documents\Desktop\ScamShield\app\src\main\java\com\shreyanshi\scamshield\activities\MainActivity.java:171: error: cannot find symbol
                  Log.i(TAG, "Alert background reset to normal");
                        ^
    symbol:   variable TAG
    location: class MainActivity
  C:\Users\Hp\OneDrive\Documents\Desktop\ScamShield\app\src\main\java\com\shreyanshi\scamshield\activities\MainActivity.java:174: error: cannot find symbol
              Log.e(TAG, "Error triggering fallback alert: " + e.getMessage());
                    ^
    symbol:   variable TAG
    location: class MainActivity
  Note: Some input files use or override a deprecated API.
  Note: Recompile with -Xlint:deprecation for details.
  3 errors

* Try:
> Check your code and dependencies to fix the compilation error(s)
> Run with --scan to get full insights.

BUILD FAILED in 4s

Deprecated Gradle features were used in this build, making it incompatible with Gradle 9.0.

You can use '--warning-mode all' to show the individual deprecation warnings and determine if they come from your own scripts or plugins.

For more on this, please refer to https://docs.gradle.org/8.13/userguide/command_line_interface.html#sec:command_line_warnings in the Gradle documentation.
15 actionable tasks: 1 executed, 14 up-to-date
